// Jest Snapshot v1, https://goo.gl/fbAQLP

exports[`should render div 1`] = `
<div
  className={undefined}
/>
`;
