// Jest Snapshot v1, https://goo.gl/fbAQLP

exports[`should render a letter 1`] = `
<span
  className=""
>
  a
</span>
`;
